// Jest Snapshot v1, https://goo.gl/fbAQLP

exports[`<SelectField/> Se espera que se reenderice correctamente 1`] = `
<div>
  <div
    class="sc-gswNZR fGuKlY"
  >
    <select
      class="sc-gKPRtg jmYarQ"
    >
      <option
        value="DAI"
      >
        DAI
      </option>
      <option
        value="USDT"
      >
        USDT
      </option>
      <option
        value="BTH"
      >
        BTH
      </option>
      <option
        value="ETH"
      >
        ETH
      </option>
    </select>
  </div>
</div>
`;
